// Jest Snapshot v1, https://goo.gl/fbAQLP

exports[`Matches CreateGame snapshot 1`] = `null`;
