// Jest Snapshot v1, https://goo.gl/fbAQLP

exports[`Matches Tile snapshot 1`] = `
<button
  className="sc-AxjAm cYkxHS btn-tile"
  data-testid="tile"
/>
`;

exports[`matches snapshot 1`] = `
<button
  className="sc-AxjAm cYkxHS btn-tile"
  data-testid="tile"
/>
`;
