// Jest Snapshot v1, https://goo.gl/fbAQLP

exports[`matches snapshot 1`] = `
<div
  className="container"
>
  <style
    type="text/css"
  >
    
                        .board {
                            display: grid;
                            grid-gap: 1px;
                            grid-template-columns: repeat(3, 1fr);
                            width: 300px;
                            height: 300px;
                            grid-gap: 0;
                            margin: 20px auto;
                        }    
                    
  </style>
  <div
    className="board"
  >
    <button
      className="sc-AxjAm cYkxHS btn-tile"
      data-testid="tile"
    />
    <button
      className="sc-AxjAm cYkxHS btn-tile"
      data-testid="tile"
    />
    <button
      className="sc-AxjAm cYkxHS btn-tile"
      data-testid="tile"
    />
    <button
      className="sc-AxjAm cYkxHS btn-tile"
      data-testid="tile"
    />
    <button
      className="sc-AxjAm cYkxHS btn-tile"
      data-testid="tile"
    />
    <button
      className="sc-AxjAm cYkxHS btn-tile"
      data-testid="tile"
    />
    <button
      className="sc-AxjAm cYkxHS btn-tile"
      data-testid="tile"
    />
    <button
      className="sc-AxjAm cYkxHS btn-tile"
      data-testid="tile"
    />
    <button
      className="sc-AxjAm cYkxHS btn-tile"
      data-testid="tile"
    />
  </div>
</div>
`;
