// Jest Snapshot v1, https://goo.gl/fbAQLP

exports[`TEST SUITE Game Alert:  Matches snapshot 1`] = `
<Fragment>
  <style
    type="text/css"
  >
    
                        .alert-dismissible .close {
                            padding: 5px 10px;
                        }
                        .alert-danger {
                            width: 60%;
                        }
                        @media(max-width: 800px) {
                            .alert-danger {
                                width: 90%;
                            }
                        }
                
  </style>
  <Alert
    closeLabel="Close alert"
    dismissible={true}
    onClose={[Function]}
    show={true}
    style={
      Object {
        "left": 0,
        "margin": "10px auto",
        "padding": "10px",
        "position": "fixed",
        "right": 0,
        "textAlign": "left",
        "top": "10%",
        "zIndex": 999,
      }
    }
    transition={
      Object {
        "$$typeof": Symbol(react.forward_ref),
        "defaultProps": Object {
          "appear": false,
          "in": false,
          "mountOnEnter": false,
          "timeout": 300,
          "unmountOnExit": false,
        },
        "displayName": "Fade",
        "render": [Function],
      }
    }
    variant="danger"
  >
    <AlertHeading>
      Error!
    </AlertHeading>
    <p
      style={
        Object {
          "marginBottom": "2px",
          "textAlign": "center",
        }
      }
    >
      Error: Game not found
    </p>
  </Alert>
</Fragment>
`;
